2026-01-08 08:39:05.750 [main] INFO  testCases.TC_005TextBoxTest - Starting test...
2026-01-08 08:39:23.374 [main] INFO  testCases.TC_005TextBoxTest - Navigated to: https://demoqa.com/
2026-01-08 08:39:23.436 [main] INFO  testCases.TC_005TextBoxTest - ===== Starting TextBox Test =====
2026-01-08 08:39:23.611 [main] INFO  testCases.TC_005TextBoxTest - ===== Home Page =====
2026-01-08 08:39:23.809 [main] INFO  testCases.TC_005TextBoxTest - ===== Starting ElementsMenuComponent Page =====
2026-01-08 08:39:25.212 [main] INFO  testCases.TC_005TextBoxTest - ===== Completing TextBox Test =====
2026-01-08 08:39:27.407 [main] INFO  testCases.TC_005TextBoxTest - Browser closed successfully.
2026-01-08 08:39:27.729 [main] INFO  utilities.EmailReportSender - Sender email: ahsan.clariv@gmail.com
2026-01-08 08:39:27.729 [main] INFO  utilities.EmailReportSender - Sender password: mstv vggb nbmk kehz
2026-01-08 08:39:27.729 [main] INFO  utilities.EmailReportSender - SMTP properties: {mail.smtp.port=587, mail.smtp.auth=true, mail.smtp.starttls.enable=true, mail.smtp.host=smtp.gmail.com}
2026-01-08 08:39:32.275 [main] INFO  utilities.EmailReportSender - Report sent successfully to hafizgee07@gmail.com
2026-01-08 08:55:06.039 [main] INFO  testCases.TC_005TextBoxTest - Starting test...
2026-01-08 08:55:13.884 [main] INFO  testCases.TC_005TextBoxTest - Navigated to: https://demoqa.com/
2026-01-08 08:55:13.925 [main] INFO  testCases.TC_005TextBoxTest - ===== Starting TextBox Test =====
2026-01-08 08:55:14.066 [main] INFO  testCases.TC_005TextBoxTest - ===== Home Page =====
2026-01-08 08:55:14.212 [main] INFO  testCases.TC_005TextBoxTest - ===== Starting ElementsMenuComponent Page =====
2026-01-08 08:55:15.286 [main] INFO  testCases.TC_005TextBoxTest - ===== Completing TextBox Test =====
2026-01-08 08:55:15.621 [main] INFO  testCases.TC_005TextBoxTest - Browser closed successfully.
2026-01-08 08:55:16.062 [main] INFO  utilities.EmailReportSender - Sender email: ahsan.clariv@gmail.com
2026-01-08 08:55:16.062 [main] INFO  utilities.EmailReportSender - Sender password: mstv vggb nbmk kehz
2026-01-08 08:55:16.062 [main] INFO  utilities.EmailReportSender - SMTP properties: {mail.smtp.port=587, mail.smtp.auth=true, mail.smtp.starttls.enable=true, mail.smtp.host=smtp.gmail.com}
2026-01-08 08:55:19.867 [main] INFO  utilities.EmailReportSender - Report sent successfully to hafizgee07@gmail.com
